Archive member included to satisfy reference by file (symbol)

c:/st/stm32cubeide_1.6.1/stm32cubeide/plugins/com.st.stm32cube.ide.mcu.externaltools.gnu-tools-for-stm32.10.3-2021.10.win32_1.0.0.202111181127/tools/bin/../lib/gcc/arm-none-eabi/10.3.1/../../../../arm-none-eabi/lib/thumb/v7e-m+fp/hard\libc_nano.a(lib_a-errno.o)
                              ./Core/Src/syscalls.o (__errno)
c:/st/stm32cubeide_1.6.1/stm32cubeide/plugins/com.st.stm32cube.ide.mcu.externaltools.gnu-tools-for-stm32.10.3-2021.10.win32_1.0.0.202111181127/tools/bin/../lib/gcc/arm-none-eabi/10.3.1/../../../../arm-none-eabi/lib/thumb/v7e-m+fp/hard\libc_nano.a(lib_a-exit.o)
                              c:/st/stm32cubeide_1.6.1/stm32cubeide/plugins/com.st.stm32cube.ide.mcu.externaltools.gnu-tools-for-stm32.10.3-2021.10.win32_1.0.0.202111181127/tools/bin/../lib/gcc/arm-none-eabi/10.3.1/../../../../arm-none-eabi/lib/thumb/v7e-m+fp/hard/crt0.o (exit)
c:/st/stm32cubeide_1.6.1/stm32cubeide/plugins/com.st.stm32cube.ide.mcu.externaltools.gnu-tools-for-stm32.10.3-2021.10.win32_1.0.0.202111181127/tools/bin/../lib/gcc/arm-none-eabi/10.3.1/../../../../arm-none-eabi/lib/thumb/v7e-m+fp/hard\libc_nano.a(lib_a-impure.o)
                              c:/st/stm32cubeide_1.6.1/stm32cubeide/plugins/com.st.stm32cube.ide.mcu.externaltools.gnu-tools-for-stm32.10.3-2021.10.win32_1.0.0.202111181127/tools/bin/../lib/gcc/arm-none-eabi/10.3.1/../../../../arm-none-eabi/lib/thumb/v7e-m+fp/hard\libc_nano.a(lib_a-exit.o) (_global_impure_ptr)
c:/st/stm32cubeide_1.6.1/stm32cubeide/plugins/com.st.stm32cube.ide.mcu.externaltools.gnu-tools-for-stm32.10.3-2021.10.win32_1.0.0.202111181127/tools/bin/../lib/gcc/arm-none-eabi/10.3.1/../../../../arm-none-eabi/lib/thumb/v7e-m+fp/hard\libc_nano.a(lib_a-init.o)
                              c:/st/stm32cubeide_1.6.1/stm32cubeide/plugins/com.st.stm32cube.ide.mcu.externaltools.gnu-tools-for-stm32.10.3-2021.10.win32_1.0.0.202111181127/tools/bin/../lib/gcc/arm-none-eabi/10.3.1/../../../../arm-none-eabi/lib/thumb/v7e-m+fp/hard/crt0.o (__libc_init_array)
c:/st/stm32cubeide_1.6.1/stm32cubeide/plugins/com.st.stm32cube.ide.mcu.externaltools.gnu-tools-for-stm32.10.3-2021.10.win32_1.0.0.202111181127/tools/bin/../lib/gcc/arm-none-eabi/10.3.1/../../../../arm-none-eabi/lib/thumb/v7e-m+fp/hard\libc_nano.a(lib_a-memset.o)
                              c:/st/stm32cubeide_1.6.1/stm32cubeide/plugins/com.st.stm32cube.ide.mcu.externaltools.gnu-tools-for-stm32.10.3-2021.10.win32_1.0.0.202111181127/tools/bin/../lib/gcc/arm-none-eabi/10.3.1/../../../../arm-none-eabi/lib/thumb/v7e-m+fp/hard/crt0.o (memset)
c:/st/stm32cubeide_1.6.1/stm32cubeide/plugins/com.st.stm32cube.ide.mcu.externaltools.gnu-tools-for-stm32.10.3-2021.10.win32_1.0.0.202111181127/tools/bin/../lib/gcc/arm-none-eabi/10.3.1/thumb/v7e-m+fp/hard\libgcc.a(_aeabi_uldivmod.o)
                              ./Drivers/STM32F7xx_HAL_Driver/Src/stm32f7xx_hal_rcc.o (__aeabi_uldivmod)
c:/st/stm32cubeide_1.6.1/stm32cubeide/plugins/com.st.stm32cube.ide.mcu.externaltools.gnu-tools-for-stm32.10.3-2021.10.win32_1.0.0.202111181127/tools/bin/../lib/gcc/arm-none-eabi/10.3.1/thumb/v7e-m+fp/hard\libgcc.a(_udivmoddi4.o)
                              c:/st/stm32cubeide_1.6.1/stm32cubeide/plugins/com.st.stm32cube.ide.mcu.externaltools.gnu-tools-for-stm32.10.3-2021.10.win32_1.0.0.202111181127/tools/bin/../lib/gcc/arm-none-eabi/10.3.1/thumb/v7e-m+fp/hard\libgcc.a(_aeabi_uldivmod.o) (__udivmoddi4)
c:/st/stm32cubeide_1.6.1/stm32cubeide/plugins/com.st.stm32cube.ide.mcu.externaltools.gnu-tools-for-stm32.10.3-2021.10.win32_1.0.0.202111181127/tools/bin/../lib/gcc/arm-none-eabi/10.3.1/thumb/v7e-m+fp/hard\libgcc.a(_dvmd_tls.o)
                              c:/st/stm32cubeide_1.6.1/stm32cubeide/plugins/com.st.stm32cube.ide.mcu.externaltools.gnu-tools-for-stm32.10.3-2021.10.win32_1.0.0.202111181127/tools/bin/../lib/gcc/arm-none-eabi/10.3.1/thumb/v7e-m+fp/hard\libgcc.a(_aeabi_uldivmod.o) (__aeabi_ldiv0)

Discarded input sections

 .text          0x0000000000000000        0x0 c:/st/stm32cubeide_1.6.1/stm32cubeide/plugins/com.st.stm32cube.ide.mcu.externaltools.gnu-tools-for-stm32.10.3-2021.10.win32_1.0.0.202111181127/tools/bin/../lib/gcc/arm-none-eabi/10.3.1/thumb/v7e-m+fp/hard/crti.o
 .data          0x0000000000000000        0x0 c:/st/stm32cubeide_1.6.1/stm32cubeide/plugins/com.st.stm32cube.ide.mcu.externaltools.gnu-tools-for-stm32.10.3-2021.10.win32_1.0.0.202111181127/tools/bin/../lib/gcc/arm-none-eabi/10.3.1/thumb/v7e-m+fp/hard/crti.o
 .bss           0x0000000000000000        0x0 c:/st/stm32cubeide_1.6.1/stm32cubeide/plugins/com.st.stm32cube.ide.mcu.externaltools.gnu-tools-for-stm32.10.3-2021.10.win32_1.0.0.202111181127/tools/bin/../lib/gcc/arm-none-eabi/10.3.1/thumb/v7e-m+fp/hard/crti.o
[...]
Memory Configuration

Name             Origin             Length             Attributes
RAM              0x0000000020000000 0x0000000000040000 xrw
FLASH            0x0000000008000000 0x0000000000080000 xr
*default*        0x0000000000000000 0xffffffffffffffff

Linker script and memory map

LOAD c:/st/stm32cubeide_1.6.1/stm32cubeide/plugins/com.st.stm32cube.ide.mcu.externaltools.gnu-tools-for-stm32.10.3-2021.10.win32_1.0.0.202111181127/tools/bin/../lib/gcc/arm-none-eabi/10.3.1/thumb/v7e-m+fp/hard/crti.o
LOAD c:/st/stm32cubeide_1.6.1/stm32cubeide/plugins/com.st.stm32cube.ide.mcu.externaltools.gnu-tools-for-stm32.10.3-2021.10.win32_1.0.0.202111181127/tools/bin/../lib/gcc/arm-none-eabi/10.3.1/thumb/v7e-m+fp/hard/crtbegin.o
LOAD c:/st/stm32cubeide_1.6.1/stm32cubeide/plugins/com.st.stm32cube.ide.mcu.externaltools.gnu-tools-for-stm32.10.3-2021.10.win32_1.0.0.202111181127/tools/bin/../lib/gcc/arm-none-eabi/10.3.1/../../../../arm-none-eabi/lib/thumb/v7e-m+fp/hard/crt0.o
LOAD ./Core/Src/main.o
LOAD ./Core/Src/stm32f7xx_hal_msp.o
LOAD ./Core/Src/stm32f7xx_it.o
LOAD ./Core/Src/syscalls.o
LOAD ./Core/Src/sysmem.o
LOAD ./Core/Src/system_stm32f7xx.o
LOAD ./Core/Startup/startup_stm32f723iekx.o
LOAD ./Drivers/BSP/Components/st7789h2/st7789h2.o
LOAD ./Drivers/BSP/stm32f723e_discovery.o
LOAD ./Drivers/BSP/stm32f723e_discovery_lcd.o
LOAD ./Drivers/STM32F7xx_HAL_Driver/Src/stm32f7xx_hal.o
LOAD ./Drivers/STM32F7xx_HAL_Driver/Src/stm32f7xx_hal_cortex.o
LOAD ./Drivers/STM32F7xx_HAL_Driver/Src/stm32f7xx_hal_dma.o
LOAD ./Drivers/STM32F7xx_HAL_Driver/Src/stm32f7xx_hal_dma_ex.o
LOAD ./Drivers/STM32F7xx_HAL_Driver/Src/stm32f7xx_hal_exti.o
LOAD ./Drivers/STM32F7xx_HAL_Driver/Src/stm32f7xx_hal_flash.o
LOAD ./Drivers/STM32F7xx_HAL_Driver/Src/stm32f7xx_hal_flash_ex.o
LOAD ./Drivers/STM32F7xx_HAL_Driver/Src/stm32f7xx_hal_gpio.o
LOAD ./Drivers/STM32F7xx_HAL_Driver/Src/stm32f7xx_hal_i2c.o
LOAD ./Drivers/STM32F7xx_HAL_Driver/Src/stm32f7xx_hal_i2c_ex.o
LOAD ./Drivers/STM32F7xx_HAL_Driver/Src/stm32f7xx_hal_pwr.o
LOAD ./Drivers/STM32F7xx_HAL_Driver/Src/stm32f7xx_hal_pwr_ex.o
LOAD ./Drivers/STM32F7xx_HAL_Driver/Src/stm32f7xx_hal_rcc.o
LOAD ./Drivers/STM32F7xx_HAL_Driver/Src/stm32f7xx_hal_rcc_ex.o
LOAD ./Drivers/STM32F7xx_HAL_Driver/Src/stm32f7xx_hal_sram.o
LOAD ./Drivers/STM32F7xx_HAL_Driver/Src/stm32f7xx_hal_tim.o
LOAD ./Drivers/STM32F7xx_HAL_Driver/Src/stm32f7xx_hal_tim_ex.o
LOAD ./Drivers/STM32F7xx_HAL_Driver/Src/stm32f7xx_hal_uart.o
LOAD ./Drivers/STM32F7xx_HAL_Driver/Src/stm32f7xx_hal_uart_ex.o
LOAD ./Drivers/STM32F7xx_HAL_Driver/Src/stm32f7xx_hal_usart.o
LOAD ./Drivers/STM32F7xx_HAL_Driver/Src/stm32f7xx_ll_fmc.o
LOAD ./Drivers/STM32F7xx_HAL_Driver/Src/stm32f7xx_ll_usart.o
START GROUP
LOAD c:/st/stm32cubeide_1.6.1/stm32cubeide/plugins/com.st.stm32cube.ide.mcu.externaltools.gnu-tools-for-stm32.10.3-2021.10.win32_1.0.0.202111181127/tools/bin/../lib/gcc/arm-none-eabi/10.3.1/../../../../arm-none-eabi/lib/thumb/v7e-m+fp/hard\libc_nano.a
LOAD c:/st/stm32cubeide_1.6.1/stm32cubeide/plugins/com.st.stm32cube.ide.mcu.externaltools.gnu-tools-for-stm32.10.3-2021.10.win32_1.0.0.202111181127/tools/bin/../lib/gcc/arm-none-eabi/10.3.1/../../../../arm-none-eabi/lib/thumb/v7e-m+fp/hard\libm.a
END GROUP
START GROUP
LOAD c:/st/stm32cubeide_1.6.1/stm32cubeide/plugins/com.st.stm32cube.ide.mcu.externaltools.gnu-tools-for-stm32.10.3-2021.10.win32_1.0.0.202111181127/tools/bin/../lib/gcc/arm-none-eabi/10.3.1/thumb/v7e-m+fp/hard\libgcc.a
LOAD c:/st/stm32cubeide_1.6.1/stm32cubeide/plugins/com.st.stm32cube.ide.mcu.externaltools.gnu-tools-for-stm32.10.3-2021.10.win32_1.0.0.202111181127/tools/bin/../lib/gcc/arm-none-eabi/10.3.1/../../../../arm-none-eabi/lib/thumb/v7e-m+fp/hard\libc_nano.a
END GROUP
START GROUP
LOAD c:/st/stm32cubeide_1.6.1/stm32cubeide/plugins/com.st.stm32cube.ide.mcu.externaltools.gnu-tools-for-stm32.10.3-2021.10.win32_1.0.0.202111181127/tools/bin/../lib/gcc/arm-none-eabi/10.3.1/thumb/v7e-m+fp/hard\libgcc.a
LOAD c:/st/stm32cubeide_1.6.1/stm32cubeide/plugins/com.st.stm32cube.ide.mcu.externaltools.gnu-tools-for-stm32.10.3-2021.10.win32_1.0.0.202111181127/tools/bin/../lib/gcc/arm-none-eabi/10.3.1/../../../../arm-none-eabi/lib/thumb/v7e-m+fp/hard\libc_nano.a
LOAD c:/st/stm32cubeide_1.6.1/stm32cubeide/plugins/com.st.stm32cube.ide.mcu.externaltools.gnu-tools-for-stm32.10.3-2021.10.win32_1.0.0.202111181127/tools/bin/../lib/gcc/arm-none-eabi/10.3.1/../../../../arm-none-eabi/lib/thumb/v7e-m+fp/hard\libnosys.a
END GROUP
START GROUP
LOAD c:/st/stm32cubeide_1.6.1/stm32cubeide/plugins/com.st.stm32cube.ide.mcu.externaltools.gnu-tools-for-stm32.10.3-2021.10.win32_1.0.0.202111181127/tools/bin/../lib/gcc/arm-none-eabi/10.3.1/thumb/v7e-m+fp/hard\libgcc.a
LOAD c:/st/stm32cubeide_1.6.1/stm32cubeide/plugins/com.st.stm32cube.ide.mcu.externaltools.gnu-tools-for-stm32.10.3-2021.10.win32_1.0.0.202111181127/tools/bin/../lib/gcc/arm-none-eabi/10.3.1/../../../../arm-none-eabi/lib/thumb/v7e-m+fp/hard\libc_nano.a
LOAD c:/st/stm32cubeide_1.6.1/stm32cubeide/plugins/com.st.stm32cube.ide.mcu.externaltools.gnu-tools-for-stm32.10.3-2021.10.win32_1.0.0.202111181127/tools/bin/../lib/gcc/arm-none-eabi/10.3.1/../../../../arm-none-eabi/lib/thumb/v7e-m+fp/hard\libnosys.a
END GROUP
LOAD c:/st/stm32cubeide_1.6.1/stm32cubeide/plugins/com.st.stm32cube.ide.mcu.externaltools.gnu-tools-for-stm32.10.3-2021.10.win32_1.0.0.202111181127/tools/bin/../lib/gcc/arm-none-eabi/10.3.1/thumb/v7e-m+fp/hard/crtend.o
LOAD c:/st/stm32cubeide_1.6.1/stm32cubeide/plugins/com.st.stm32cube.ide.mcu.externaltools.gnu-tools-for-stm32.10.3-2021.10.win32_1.0.0.202111181127/tools/bin/../lib/gcc/arm-none-eabi/10.3.1/thumb/v7e-m+fp/hard/crtn.o
                0x0000000020040000                _estack = (ORIGIN (RAM) + LENGTH (RAM))
                0x0000000000000200                _Min_Heap_Size = 0x200
                0x0000000000000400                _Min_Stack_Size = 0x400

.isr_vector     0x0000000008000000      0x1e0
                0x0000000008000000                . = ALIGN (0x4)
 *(.isr_vector)
 .isr_vector    0x0000000008000000      0x1e0 ./Core/Startup/startup_stm32f723iekx.o
                0x0000000008000000                g_pfnVectors
                0x00000000080001e0                . = ALIGN (0x4)

.text           0x00000000080001e0     0x1f1c
                0x00000000080001e0                . = ALIGN (0x4)
 *(.text)
 .text          0x00000000080001e0       0x40 c:/st/stm32cubeide_1.6.1/stm32cubeide/plugins/com.st.stm32cube.ide.mcu.externaltools.gnu-tools-for-stm32.10.3-2021.10.win32_1.0.0.202111181127/tools/bin/../lib/gcc/arm-none-eabi/10.3.1/thumb/v7e-m+fp/hard/crtbegin.o
 .text          0x0000000008000220       0x30 c:/st/stm32cubeide_1.6.1/stm32cubeide/plugins/com.st.stm32cube.ide.mcu.externaltools.gnu-tools-for-stm32.10.3-2021.10.win32_1.0.0.202111181127/tools/bin/../lib/gcc/arm-none-eabi/10.3.1/thumb/v7e-m+fp/hard\libgcc.a(_aeabi_uldivmod.o)
                0x0000000008000220                __aeabi_uldivmod
 .text          0x0000000008000250      0x2d0 c:/st/stm32cubeide_1.6.1/stm32cubeide/plugins/com.st.stm32cube.ide.mcu.externaltools.gnu-tools-for-stm32.10.3-2021.10.win32_1.0.0.202111181127/tools/bin/../lib/gcc/arm-none-eabi/10.3.1/thumb/v7e-m+fp/hard\libgcc.a(_udivmoddi4.o)
                0x0000000008000250                __udivmoddi4
 .text          0x0000000008000520        0x4 c:/st/stm32cubeide_1.6.1/stm32cubeide/plugins/com.st.stm32cube.ide.mcu.externaltools.gnu-tools-for-stm32.10.3-2021.10.win32_1.0.0.202111181127/tools/bin/../lib/gcc/arm-none-eabi/10.3.1/thumb/v7e-m+fp/hard\libgcc.a(_dvmd_tls.o)
                0x0000000008000520                __aeabi_idiv0
                0x0000000008000520                __aeabi_ldiv0
 *(.text*)
 .text.SCB_EnableICache
                0x0000000008000524       0x4c ./Core/Src/main.o
 .text.SCB_EnableDCache
                0x0000000008000570       0x88 ./Core/Src/main.o
 .text.main     0x00000000080005f8       0x1e ./Core/Src/main.o
                0x00000000080005f8                main
 *fill*         0x0000000008000616        0x2 
 .text.SystemClock_Config
                0x0000000008000618       0xd8 ./Core/Src/main.o
                0x0000000008000618                SystemClock_Config
 .text.MX_GPIO_Init
                0x00000000080006f0      0x7f0 ./Core/Src/main.o
 .text.MPU_Config
                0x0000000008000ee0       0x5a ./Core/Src/main.o
 .text.Error_Handler
                0x0000000008000f3a        0xa ./Core/Src/main.o
                0x0000000008000f3a                Error_Handler
 .text.HAL_MspInit
                0x0000000008000f44       0x48 ./Core/Src/stm32f7xx_hal_msp.o
                0x0000000008000f44                HAL_MspInit
 .text.NMI_Handler
                0x0000000008000f8c        0x6 ./Core/Src/stm32f7xx_it.o
                0x0000000008000f8c                NMI_Handler
 .text.HardFault_Handler
                0x0000000008000f92        0x6 ./Core/Src/stm32f7xx_it.o
                0x0000000008000f92                HardFault_Handler
 .text.MemManage_Handler
                0x0000000008000f98        0x6 ./Core/Src/stm32f7xx_it.o
                0x0000000008000f98                MemManage_Handler
 .text.BusFault_Handler
                0x0000000008000f9e        0x6 ./Core/Src/stm32f7xx_it.o
                0x0000000008000f9e                BusFault_Handler
 .text.UsageFault_Handler
                0x0000000008000fa4        0x6 ./Core/Src/stm32f7xx_it.o
                0x0000000008000fa4                UsageFault_Handler
 .text.SVC_Handler
                0x0000000008000faa        0xe ./Core/Src/stm32f7xx_it.o
                0x0000000008000faa                SVC_Handler
 .text.DebugMon_Handler
                0x0000000008000fb8        0xe ./Core/Src/stm32f7xx_it.o
                0x0000000008000fb8                DebugMon_Handler
 .text.PendSV_Handler
                0x0000000008000fc6        0xe ./Core/Src/stm32f7xx_it.o
                0x0000000008000fc6                PendSV_Handler
 .text.SysTick_Handler
                0x0000000008000fd4        0xc ./Core/Src/stm32f7xx_it.o
                0x0000000008000fd4                SysTick_Handler
 .text.SystemInit
                0x0000000008000fe0       0x24 ./Core/Src/system_stm32f7xx.o
                0x0000000008000fe0                SystemInit
 .text.Reset_Handler
                0x0000000008001004       0x50 ./Core/Startup/startup_stm32f723iekx.o
                0x0000000008001004                Reset_Handler
 .text.Default_Handler
                0x0000000008001054        0x2 ./Core/Startup/startup_stm32f723iekx.o
                0x0000000008001054                RTC_Alarm_IRQHandler
                0x0000000008001054                EXTI2_IRQHandler
                0x0000000008001054                TIM8_CC_IRQHandler
                0x0000000008001054                UART8_IRQHandler
                0x0000000008001054                SPI4_IRQHandler
                0x0000000008001054                TIM1_CC_IRQHandler
                0x0000000008001054                DMA2_Stream5_IRQHandler
                0x0000000008001054                DMA1_Stream5_IRQHandler
                0x0000000008001054                PVD_IRQHandler
                0x0000000008001054                TAMP_STAMP_IRQHandler
                0x0000000008001054                EXTI3_IRQHandler
                0x0000000008001054                TIM8_TRG_COM_TIM14_IRQHandler
                0x0000000008001054                TIM1_UP_TIM10_IRQHandler
                0x0000000008001054                TIM8_UP_TIM13_IRQHandler
                0x0000000008001054                I2C3_ER_IRQHandler
                0x0000000008001054                EXTI0_IRQHandler
                0x0000000008001054                I2C2_EV_IRQHandler
                0x0000000008001054                DMA1_Stream2_IRQHandler
                0x0000000008001054                CAN1_RX0_IRQHandler
                0x0000000008001054                FPU_IRQHandler
                0x0000000008001054                OTG_HS_WKUP_IRQHandler
                0x0000000008001054                DMA2_Stream2_IRQHandler
                0x0000000008001054                SPI1_IRQHandler
                0x0000000008001054                TIM6_DAC_IRQHandler
                0x0000000008001054                TIM1_BRK_TIM9_IRQHandler
                0x0000000008001054                DMA2_Stream3_IRQHandler
                0x0000000008001054                SAI2_IRQHandler
                0x0000000008001054                USART6_IRQHandler
                0x0000000008001054                USART3_IRQHandler
                0x0000000008001054                CAN1_RX1_IRQHandler
                0x0000000008001054                UART5_IRQHandler
                0x0000000008001054                DMA2_Stream0_IRQHandler
                0x0000000008001054                TIM4_IRQHandler
                0x0000000008001054                QUADSPI_IRQHandler
                0x0000000008001054                I2C1_EV_IRQHandler
                0x0000000008001054                DMA1_Stream6_IRQHandler
                0x0000000008001054                DMA1_Stream1_IRQHandler
                0x0000000008001054                UART4_IRQHandler
                0x0000000008001054                TIM3_IRQHandler
                0x0000000008001054                RCC_IRQHandler
                0x0000000008001054                TIM8_BRK_TIM12_IRQHandler
                0x0000000008001054                Default_Handler
                0x0000000008001054                EXTI15_10_IRQHandler
                0x0000000008001054                ADC_IRQHandler
                0x0000000008001054                DMA1_Stream7_IRQHandler
                0x0000000008001054                SPI5_IRQHandler
                0x0000000008001054                TIM7_IRQHandler
                0x0000000008001054                SDMMC1_IRQHandler
                0x0000000008001054                TIM5_IRQHandler
                0x0000000008001054                DMA2_Stream7_IRQHandler
                0x0000000008001054                I2C3_EV_IRQHandler
                0x0000000008001054                EXTI9_5_IRQHandler
                0x0000000008001054                RTC_WKUP_IRQHandler
                0x0000000008001054                SPI2_IRQHandler
                0x0000000008001054                OTG_HS_EP1_IN_IRQHandler
                0x0000000008001054                DMA1_Stream0_IRQHandler
                0x0000000008001054                CAN1_TX_IRQHandler
                0x0000000008001054                EXTI4_IRQHandler
                0x0000000008001054                RNG_IRQHandler
                0x0000000008001054                OTG_HS_EP1_OUT_IRQHandler
                0x0000000008001054                WWDG_IRQHandler
                0x0000000008001054                TIM2_IRQHandler
                0x0000000008001054                OTG_FS_WKUP_IRQHandler
                0x0000000008001054                TIM1_TRG_COM_TIM11_IRQHandler
                0x0000000008001054                OTG_HS_IRQHandler
                0x0000000008001054                EXTI1_IRQHandler
                0x0000000008001054                SDMMC2_IRQHandler
                0x0000000008001054                UART7_IRQHandler
                0x0000000008001054                USART2_IRQHandler
                0x0000000008001054                I2C2_ER_IRQHandler
                0x0000000008001054                DMA2_Stream1_IRQHandler
                0x0000000008001054                CAN1_SCE_IRQHandler
                0x0000000008001054                FLASH_IRQHandler
                0x0000000008001054                DMA2_Stream4_IRQHandler
                0x0000000008001054                USART1_IRQHandler
                0x0000000008001054                OTG_FS_IRQHandler
                0x0000000008001054                SPI3_IRQHandler
                0x0000000008001054                DMA1_Stream4_IRQHandler
                0x0000000008001054                I2C1_ER_IRQHandler
                0x0000000008001054                FMC_IRQHandler
                0x0000000008001054                LPTIM1_IRQHandler
                0x0000000008001054                DMA2_Stream6_IRQHandler
                0x0000000008001054                SAI1_IRQHandler
                0x0000000008001054                DMA1_Stream3_IRQHandler
 .text.HAL_Init
                0x0000000008001056       0x1a ./Drivers/STM32F7xx_HAL_Driver/Src/stm32f7xx_hal.o
                0x0000000008001056                HAL_Init
 .text.HAL_InitTick
                0x0000000008001070       0x60 ./Drivers/STM32F7xx_HAL_Driver/Src/stm32f7xx_hal.o
                0x0000000008001070                HAL_InitTick
 .text.HAL_IncTick
                0x00000000080010d0       0x28 ./Drivers/STM32F7xx_HAL_Driver/Src/stm32f7xx_hal.o
                0x00000000080010d0                HAL_IncTick
 .text.HAL_GetTick
                0x00000000080010f8       0x18 ./Drivers/STM32F7xx_HAL_Driver/Src/stm32f7xx_hal.o
                0x00000000080010f8                HAL_GetTick
 .text.__NVIC_SetPriorityGrouping
                0x0000000008001110       0x48 ./Drivers/STM32F7xx_HAL_Driver/Src/stm32f7xx_hal_cortex.o
 .text.__NVIC_GetPriorityGrouping
                0x0000000008001158       0x1c ./Drivers/STM32F7xx_HAL_Driver/Src/stm32f7xx_hal_cortex.o
 .text.__NVIC_SetPriority
                0x0000000008001174       0x54 ./Drivers/STM32F7xx_HAL_Driver/Src/stm32f7xx_hal_cortex.o
 .text.NVIC_EncodePriority
                0x00000000080011c8       0x66 ./Drivers/STM32F7xx_HAL_Driver/Src/stm32f7xx_hal_cortex.o
 *fill*         0x000000000800122e        0x2 
 .text.SysTick_Config
                0x0000000008001230       0x44 ./Drivers/STM32F7xx_HAL_Driver/Src/stm32f7xx_hal_cortex.o
 .text.HAL_NVIC_SetPriorityGrouping
                0x0000000008001274       0x16 ./Drivers/STM32F7xx_HAL_Driver/Src/stm32f7xx_hal_cortex.o
                0x0000000008001274                HAL_NVIC_SetPriorityGrouping
 .text.HAL_NVIC_SetPriority
                0x000000000800128a       0x38 ./Drivers/STM32F7xx_HAL_Driver/Src/stm32f7xx_hal_cortex.o
                0x000000000800128a                HAL_NVIC_SetPriority
 .text.HAL_SYSTICK_Config
                0x00000000080012c2       0x18 ./Drivers/STM32F7xx_HAL_Driver/Src/stm32f7xx_hal_cortex.o
                0x00000000080012c2                HAL_SYSTICK_Config
 *fill*         0x00000000080012da        0x2 
 .text.HAL_MPU_Disable
                0x00000000080012dc       0x30 ./Drivers/STM32F7xx_HAL_Driver/Src/stm32f7xx_hal_cortex.o
                0x00000000080012dc                HAL_MPU_Disable
 .text.HAL_MPU_Enable
                0x000000000800130c       0x40 ./Drivers/STM32F7xx_HAL_Driver/Src/stm32f7xx_hal_cortex.o
                0x000000000800130c                HAL_MPU_Enable
 .text.HAL_MPU_ConfigRegion
                0x000000000800134c       0x88 ./Drivers/STM32F7xx_HAL_Driver/Src/stm32f7xx_hal_cortex.o
                0x000000000800134c                HAL_MPU_ConfigRegion
 .text.HAL_GPIO_Init
                0x00000000080013d4      0x338 ./Drivers/STM32F7xx_HAL_Driver/Src/stm32f7xx_hal_gpio.o
                0x00000000080013d4                HAL_GPIO_Init
 .text.HAL_GPIO_WritePin
                0x000000000800170c       0x32 ./Drivers/STM32F7xx_HAL_Driver/Src/stm32f7xx_hal_gpio.o
                0x000000000800170c                HAL_GPIO_WritePin
 *fill*         0x000000000800173e        0x2 
 .text.HAL_PWREx_EnableOverDrive
                0x0000000008001740       0xa0 ./Drivers/STM32F7xx_HAL_Driver/Src/stm32f7xx_hal_pwr_ex.o
                0x0000000008001740                HAL_PWREx_EnableOverDrive
 .text.HAL_RCC_OscConfig
                0x00000000080017e0      0x548 ./Drivers/STM32F7xx_HAL_Driver/Src/stm32f7xx_hal_rcc.o
                0x00000000080017e0                HAL_RCC_OscConfig
 .text.HAL_RCC_ClockConfig
                0x0000000008001d28      0x1d8 ./Drivers/STM32F7xx_HAL_Driver/Src/stm32f7xx_hal_rcc.o
                0x0000000008001d28                HAL_RCC_ClockConfig
 .text.HAL_RCC_GetSysClockFreq
                0x0000000008001f00      0x18c ./Drivers/STM32F7xx_HAL_Driver/Src/stm32f7xx_hal_rcc.o
                0x0000000008001f00                HAL_RCC_GetSysClockFreq
 .text.__libc_init_array
                0x000000000800208c       0x48 c:/st/stm32cubeide_1.6.1/stm32cubeide/plugins/com.st.stm32cube.ide.mcu.externaltools.gnu-tools-for-stm32.10.3-2021.10.win32_1.0.0.202111181127/tools/bin/../lib/gcc/arm-none-eabi/10.3.1/../../../../arm-none-eabi/lib/thumb/v7e-m+fp/hard\libc_nano.a(lib_a-init.o)
                0x000000000800208c                __libc_init_array
 .text.memset   0x00000000080020d4       0x10 c:/st/stm32cubeide_1.6.1/stm32cubeide/plugins/com.st.stm32cube.ide.mcu.externaltools.gnu-tools-for-stm32.10.3-2021.10.win32_1.0.0.202111181127/tools/bin/../lib/gcc/arm-none-eabi/10.3.1/../../../../arm-none-eabi/lib/thumb/v7e-m+fp/hard\libc_nano.a(lib_a-memset.o)
                0x00000000080020d4                memset
 *(.glue_7)
 .glue_7        0x00000000080020e4        0x0 linker stubs
 *(.glue_7t)
 .glue_7t       0x00000000080020e4        0x0 linker stubs
 *(.eh_frame)
 .eh_frame      0x00000000080020e4        0x0 c:/st/stm32cubeide_1.6.1/stm32cubeide/plugins/com.st.stm32cube.ide.mcu.externaltools.gnu-tools-for-stm32.10.3-2021.10.win32_1.0.0.202111181127/tools/bin/../lib/gcc/arm-none-eabi/10.3.1/thumb/v7e-m+fp/hard/crtbegin.o
 *(.init)
 .init          0x00000000080020e4        0x4 c:/st/stm32cubeide_1.6.1/stm32cubeide/plugins/com.st.stm32cube.ide.mcu.externaltools.gnu-tools-for-stm32.10.3-2021.10.win32_1.0.0.202111181127/tools/bin/../lib/gcc/arm-none-eabi/10.3.1/thumb/v7e-m+fp/hard/crti.o
                0x00000000080020e4                _init
 .init          0x00000000080020e8        0x8 c:/st/stm32cubeide_1.6.1/stm32cubeide/plugins/com.st.stm32cube.ide.mcu.externaltools.gnu-tools-for-stm32.10.3-2021.10.win32_1.0.0.202111181127/tools/bin/../lib/gcc/arm-none-eabi/10.3.1/thumb/v7e-m+fp/hard/crtn.o
 *(.fini)
 .fini          0x00000000080020f0        0x4 c:/st/stm32cubeide_1.6.1/stm32cubeide/plugins/com.st.stm32cube.ide.mcu.externaltools.gnu-tools-for-stm32.10.3-2021.10.win32_1.0.0.202111181127/tools/bin/../lib/gcc/arm-none-eabi/10.3.1/thumb/v7e-m+fp/hard/crti.o
                0x00000000080020f0                _fini
 .fini          0x00000000080020f4        0x8 c:/st/stm32cubeide_1.6.1/stm32cubeide/plugins/com.st.stm32cube.ide.mcu.externaltools.gnu-tools-for-stm32.10.3-2021.10.win32_1.0.0.202111181127/tools/bin/../lib/gcc/arm-none-eabi/10.3.1/thumb/v7e-m+fp/hard/crtn.o
                0x00000000080020fc                . = ALIGN (0x4)
                0x00000000080020fc                _etext = .

.vfp11_veneer   0x00000000080020fc        0x0
 .vfp11_veneer  0x00000000080020fc        0x0 linker stubs

.v4_bx          0x00000000080020fc        0x0
 .v4_bx         0x00000000080020fc        0x0 linker stubs

.iplt           0x00000000080020fc        0x0
 .iplt          0x00000000080020fc        0x0 c:/st/stm32cubeide_1.6.1/stm32cubeide/plugins/com.st.stm32cube.ide.mcu.externaltools.gnu-tools-for-stm32.10.3-2021.10.win32_1.0.0.202111181127/tools/bin/../lib/gcc/arm-none-eabi/10.3.1/thumb/v7e-m+fp/hard/crtbegin.o

.rodata         0x00000000080020fc       0x10
                0x00000000080020fc                . = ALIGN (0x4)
 *(.rodata)
 *(.rodata*)
 .rodata.AHBPrescTable
                0x00000000080020fc       0x10 ./Core/Src/system_stm32f7xx.o
                0x00000000080020fc                AHBPrescTable
                0x000000000800210c                . = ALIGN (0x4)

.ARM.extab      0x000000000800210c        0x0
                0x000000000800210c                . = ALIGN (0x4)
 *(.ARM.extab* .gnu.linkonce.armextab.*)
                0x000000000800210c                . = ALIGN (0x4)

.ARM            0x000000000800210c        0x8
                0x000000000800210c                . = ALIGN (0x4)
                0x000000000800210c                __exidx_start = .
 *(.ARM.exidx*)
 .ARM.exidx     0x000000000800210c        0x8 c:/st/stm32cubeide_1.6.1/stm32cubeide/plugins/com.st.stm32cube.ide.mcu.externaltools.gnu-tools-for-stm32.10.3-2021.10.win32_1.0.0.202111181127/tools/bin/../lib/gcc/arm-none-eabi/10.3.1/thumb/v7e-m+fp/hard\libgcc.a(_udivmoddi4.o)
                0x0000000008002114                __exidx_end = .
                0x0000000008002114                . = ALIGN (0x4)

.rel.dyn        0x0000000008002114        0x0
 .rel.iplt      0x0000000008002114        0x0 c:/st/stm32cubeide_1.6.1/stm32cubeide/plugins/com.st.stm32cube.ide.mcu.externaltools.gnu-tools-for-stm32.10.3-2021.10.win32_1.0.0.202111181127/tools/bin/../lib/gcc/arm-none-eabi/10.3.1/thumb/v7e-m+fp/hard/crtbegin.o

.preinit_array  0x0000000008002114        0x0
                0x0000000008002114                . = ALIGN (0x4)
                0x0000000008002114                PROVIDE (__preinit_array_start = .)
 *(.preinit_array*)
                0x0000000008002114                PROVIDE (__preinit_array_end = .)
                0x0000000008002114                . = ALIGN (0x4)

.init_array     0x0000000008002114        0x4
                0x0000000008002114                . = ALIGN (0x4)
                0x0000000008002114                PROVIDE (__init_array_start = .)
 *(SORT_BY_NAME(.init_array.*))
 *(.init_array*)
 .init_array    0x0000000008002114        0x4 c:/st/stm32cubeide_1.6.1/stm32cubeide/plugins/com.st.stm32cube.ide.mcu.externaltools.gnu-tools-for-stm32.10.3-2021.10.win32_1.0.0.202111181127/tools/bin/../lib/gcc/arm-none-eabi/10.3.1/thumb/v7e-m+fp/hard/crtbegin.o
                0x0000000008002118                PROVIDE (__init_array_end = .)
                0x0000000008002118                . = ALIGN (0x4)

.fini_array     0x0000000008002118        0x4
                0x0000000008002118                . = ALIGN (0x4)
                [!provide]                        PROVIDE (__fini_array_start = .)
 *(SORT_BY_NAME(.fini_array.*))
 *(.fini_array*)
 .fini_array    0x0000000008002118        0x4 c:/st/stm32cubeide_1.6.1/stm32cubeide/plugins/com.st.stm32cube.ide.mcu.externaltools.gnu-tools-for-stm32.10.3-2021.10.win32_1.0.0.202111181127/tools/bin/../lib/gcc/arm-none-eabi/10.3.1/thumb/v7e-m+fp/hard/crtbegin.o
                [!provide]                        PROVIDE (__fini_array_end = .)
                0x000000000800211c                . = ALIGN (0x4)
                0x000000000800211c                _sidata = LOADADDR (.data)

.data           0x0000000020000000        0xc load address 0x000000000800211c
                0x0000000020000000                . = ALIGN (0x4)
                0x0000000020000000                _sdata = .
 *(.data)
 *(.data*)
 .data.SystemCoreClock
                0x0000000020000000        0x4 ./Core/Src/system_stm32f7xx.o
                0x0000000020000000                SystemCoreClock
 .data.uwTickPrio
                0x0000000020000004        0x4 ./Drivers/STM32F7xx_HAL_Driver/Src/stm32f7xx_hal.o
                0x0000000020000004                uwTickPrio
 .data.uwTickFreq
                0x0000000020000008        0x1 ./Drivers/STM32F7xx_HAL_Driver/Src/stm32f7xx_hal.o
                0x0000000020000008                uwTickFreq
 *(.RamFunc)
 *(.RamFunc*)
                0x000000002000000c                . = ALIGN (0x4)
 *fill*         0x0000000020000009        0x3 
                0x000000002000000c                _edata = .

.igot.plt       0x000000002000000c        0x0 load address 0x0000000008002128
 .igot.plt      0x000000002000000c        0x0 c:/st/stm32cubeide_1.6.1/stm32cubeide/plugins/com.st.stm32cube.ide.mcu.externaltools.gnu-tools-for-stm32.10.3-2021.10.win32_1.0.0.202111181127/tools/bin/../lib/gcc/arm-none-eabi/10.3.1/thumb/v7e-m+fp/hard/crtbegin.o
                0x000000002000000c                . = ALIGN (0x4)

.bss            0x000000002000000c       0x20 load address 0x0000000008002128
                0x000000002000000c                _sbss = .
                0x000000002000000c                __bss_start__ = _sbss
 *(.bss)
 .bss           0x000000002000000c       0x1c c:/st/stm32cubeide_1.6.1/stm32cubeide/plugins/com.st.stm32cube.ide.mcu.externaltools.gnu-tools-for-stm32.10.3-2021.10.win32_1.0.0.202111181127/tools/bin/../lib/gcc/arm-none-eabi/10.3.1/thumb/v7e-m+fp/hard/crtbegin.o
 *(.bss*)
 .bss.uwTick    0x0000000020000028        0x4 ./Drivers/STM32F7xx_HAL_Driver/Src/stm32f7xx_hal.o
                0x0000000020000028                uwTick
 *(COMMON)
                0x000000002000002c                . = ALIGN (0x4)
                0x000000002000002c                _ebss = .
                0x000000002000002c                __bss_end__ = _ebss

._user_heap_stack
                0x000000002000002c      0x604 load address 0x0000000008002128
                0x0000000020000030                . = ALIGN (0x8)
 *fill*         0x000000002000002c        0x4 
                [!provide]                        PROVIDE (end = .)
                0x0000000020000030                PROVIDE (_end = .)
                0x0000000020000230                . = (. + _Min_Heap_Size)
 *fill*         0x0000000020000030      0x200 
                0x0000000020000630                . = (. + _Min_Stack_Size)
 *fill*         0x0000000020000230      0x400 
                0x0000000020000630                . = ALIGN (0x8)

/DISCARD/
 libc.a(*)
 libm.a(*)
 libgcc.a(*)

.ARM.attributes
                0x0000000000000000       0x30
 *(.ARM.attributes)
 .ARM.attributes
                0x0000000000000000       0x1e c:/st/stm32cubeide_1.6.1/stm32cubeide/plugins/com.st.stm32cube.ide.mcu.externaltools.gnu-tools-for-stm32.10.3-2021.10.win32_1.0.0.202111181127/tools/bin/../lib/gcc/arm-none-eabi/10.3.1/thumb/v7e-m+fp/hard/crti.o
 .ARM.attributes
                0x000000000000001e       0x34 c:/st/stm32cubeide_1.6.1/stm32cubeide/plugins/com.st.stm32cube.ide.mcu.externaltools.gnu-tools-for-stm32.10.3-2021.10.win32_1.0.0.202111181127/tools/bin/../lib/gcc/arm-none-eabi/10.3.1/thumb/v7e-m+fp/hard/crtbegin.o
 .ARM.attributes
                0x0000000000000052       0x34 ./Core/Src/main.o
 .ARM.attributes
                0x0000000000000086       0x34 ./Core/Src/stm32f7xx_hal_msp.o
 .ARM.attributes
                0x00000000000000ba       0x34 ./Core/Src/stm32f7xx_it.o
 .ARM.attributes
                0x00000000000000ee       0x34 ./Core/Src/system_stm32f7xx.o
 .ARM.attributes
                0x0000000000000122       0x21 ./Core/Startup/startup_stm32f723iekx.o
 .ARM.attributes
                0x0000000000000143       0x34 ./Drivers/STM32F7xx_HAL_Driver/Src/stm32f7xx_hal.o
 .ARM.attributes
                0x0000000000000177       0x34 ./Drivers/STM32F7xx_HAL_Driver/Src/stm32f7xx_hal_cortex.o
 .ARM.attributes
                0x00000000000001ab       0x34 ./Drivers/STM32F7xx_HAL_Driver/Src/stm32f7xx_hal_gpio.o
 .ARM.attributes
                0x00000000000001df       0x34 ./Drivers/STM32F7xx_HAL_Driver/Src/stm32f7xx_hal_pwr_ex.o
 .ARM.attributes
                0x0000000000000213       0x34 ./Drivers/STM32F7xx_HAL_Driver/Src/stm32f7xx_hal_rcc.o
 .ARM.attributes
                0x0000000000000247       0x34 c:/st/stm32cubeide_1.6.1/stm32cubeide/plugins/com.st.stm32cube.ide.mcu.externaltools.gnu-tools-for-stm32.10.3-2021.10.win32_1.0.0.202111181127/tools/bin/../lib/gcc/arm-none-eabi/10.3.1/../../../../arm-none-eabi/lib/thumb/v7e-m+fp/hard\libc_nano.a(lib_a-init.o)
 .ARM.attributes
                0x000000000000027b       0x34 c:/st/stm32cubeide_1.6.1/stm32cubeide/plugins/com.st.stm32cube.ide.mcu.externaltools.gnu-tools-for-stm32.10.3-2021.10.win32_1.0.0.202111181127/tools/bin/../lib/gcc/arm-none-eabi/10.3.1/../../../../arm-none-eabi/lib/thumb/v7e-m+fp/hard\libc_nano.a(lib_a-memset.o)
 .ARM.attributes
                0x00000000000002af       0x1e c:/st/stm32cubeide_1.6.1/stm32cubeide/plugins/com.st.stm32cube.ide.mcu.externaltools.gnu-tools-for-stm32.10.3-2021.10.win32_1.0.0.202111181127/tools/bin/../lib/gcc/arm-none-eabi/10.3.1/thumb/v7e-m+fp/hard\libgcc.a(_aeabi_uldivmod.o)
 .ARM.attributes
                0x00000000000002cd       0x34 c:/st/stm32cubeide_1.6.1/stm32cubeide/plugins/com.st.stm32cube.ide.mcu.externaltools.gnu-tools-for-stm32.10.3-2021.10.win32_1.0.0.202111181127/tools/bin/../lib/gcc/arm-none-eabi/10.3.1/thumb/v7e-m+fp/hard\libgcc.a(_udivmoddi4.o)
 .ARM.attributes
                0x0000000000000301       0x1e c:/st/stm32cubeide_1.6.1/stm32cubeide/plugins/com.st.stm32cube.ide.mcu.externaltools.gnu-tools-for-stm32.10.3-2021.10.win32_1.0.0.202111181127/tools/bin/../lib/gcc/arm-none-eabi/10.3.1/thumb/v7e-m+fp/hard\libgcc.a(_dvmd_tls.o)
 .ARM.attributes
                0x000000000000031f       0x1e c:/st/stm32cubeide_1.6.1/stm32cubeide/plugins/com.st.stm32cube.ide.mcu.externaltools.gnu-tools-for-stm32.10.3-2021.10.win32_1.0.0.202111181127/tools/bin/../lib/gcc/arm-none-eabi/10.3.1/thumb/v7e-m+fp/hard/crtn.o
OUTPUT(STM32F723-archi_proc.elf elf32-littlearm)
LOAD linker stubs
LOAD c:/st/stm32cubeide_1.6.1/stm32cubeide/plugins/com.st.stm32cube.ide.mcu.externaltools.gnu-tools-for-stm32.10.3-2021.10.win32_1.0.0.202111181127/tools/bin/../lib/gcc/arm-none-eabi/10.3.1/../../../../arm-none-eabi/lib/thumb/v7e-m+fp/hard\libc.a
LOAD c:/st/stm32cubeide_1.6.1/stm32cubeide/plugins/com.st.stm32cube.ide.mcu.externaltools.gnu-tools-for-stm32.10.3-2021.10.win32_1.0.0.202111181127/tools/bin/../lib/gcc/arm-none-eabi/10.3.1/../../../../arm-none-eabi/lib/thumb/v7e-m+fp/hard\libm.a
LOAD c:/st/stm32cubeide_1.6.1/stm32cubeide/plugins/com.st.stm32cube.ide.mcu.externaltools.gnu-tools-for-stm32.10.3-2021.10.win32_1.0.0.202111181127/tools/bin/../lib/gcc/arm-none-eabi/10.3.1/thumb/v7e-m+fp/hard\libgcc.a

.debug_info     0x0000000000000000     0x4d56
 .debug_info    0x0000000000000000      0xdc5 ./Core/Src/main.o
 .debug_info    0x0000000000000dc5      0x2d9 ./Core/Src/stm32f7xx_hal_msp.o
 .debug_info    0x000000000000109e      0x128 ./Core/Src/stm32f7xx_it.o
 .debug_info    0x00000000000011c6      0x72c ./Core/Src/system_stm32f7xx.o
 .debug_info    0x00000000000018f2       0x22 ./Core/Startup/startup_stm32f723iekx.o
 .debug_info    0x0000000000001914      0x9c4 ./Drivers/STM32F7xx_HAL_Driver/Src/stm32f7xx_hal.o
 .debug_info    0x00000000000022d8     0x1012 ./Drivers/STM32F7xx_HAL_Driver/Src/stm32f7xx_hal_cortex.o
 .debug_info    0x00000000000032ea      0x794 ./Drivers/STM32F7xx_HAL_Driver/Src/stm32f7xx_hal_gpio.o
 .debug_info    0x0000000000003a7e      0x92e ./Drivers/STM32F7xx_HAL_Driver/Src/stm32f7xx_hal_pwr_ex.o
 .debug_info    0x00000000000043ac      0x9aa ./Drivers/STM32F7xx_HAL_Driver/Src/stm32f7xx_hal_rcc.o

.debug_abbrev   0x0000000000000000     0x104a
 .debug_abbrev  0x0000000000000000      0x28d ./Core/Src/main.o
 .debug_abbrev  0x000000000000028d       0xd4 ./Core/Src/stm32f7xx_hal_msp.o
 .debug_abbrev  0x0000000000000361       0x74 ./Core/Src/stm32f7xx_it.o
 .debug_abbrev  0x00000000000003d5      0x136 ./Core/Src/system_stm32f7xx.o
 .debug_abbrev  0x000000000000050b       0x12 ./Core/Startup/startup_stm32f723iekx.o
 .debug_abbrev  0x000000000000051d      0x20d ./Drivers/STM32F7xx_HAL_Driver/Src/stm32f7xx_hal.o
 .debug_abbrev  0x000000000000072a      0x316 ./Drivers/STM32F7xx_HAL_Driver/Src/stm32f7xx_hal_cortex.o
 .debug_abbrev  0x0000000000000a40      0x1c4 ./Drivers/STM32F7xx_HAL_Driver/Src/stm32f7xx_hal_gpio.o
 .debug_abbrev  0x0000000000000c04      0x1cb ./Drivers/STM32F7xx_HAL_Driver/Src/stm32f7xx_hal_pwr_ex.o
 .debug_abbrev  0x0000000000000dcf      0x27b ./Drivers/STM32F7xx_HAL_Driver/Src/stm32f7xx_hal_rcc.o

.debug_aranges  0x0000000000000000      0x498
 .debug_aranges
                0x0000000000000000       0x50 ./Core/Src/main.o
 .debug_aranges
                0x0000000000000050       0x20 ./Core/Src/stm32f7xx_hal_msp.o
 .debug_aranges
                0x0000000000000070       0x60 ./Core/Src/stm32f7xx_it.o
 .debug_aranges
                0x00000000000000d0       0x28 ./Core/Src/system_stm32f7xx.o
 .debug_aranges
                0x00000000000000f8       0x28 ./Core/Startup/startup_stm32f723iekx.o
 .debug_aranges
                0x0000000000000120      0x100 ./Drivers/STM32F7xx_HAL_Driver/Src/stm32f7xx_hal.o
 .debug_aranges
                0x0000000000000220      0x118 ./Drivers/STM32F7xx_HAL_Driver/Src/stm32f7xx_hal_cortex.o
 .debug_aranges
                0x0000000000000338       0x58 ./Drivers/STM32F7xx_HAL_Driver/Src/stm32f7xx_hal_gpio.o
 .debug_aranges
                0x0000000000000390       0x80 ./Drivers/STM32F7xx_HAL_Driver/Src/stm32f7xx_hal_pwr_ex.o
 .debug_aranges
                0x0000000000000410       0x88 ./Drivers/STM32F7xx_HAL_Driver/Src/stm32f7xx_hal_rcc.o

.debug_ranges   0x0000000000000000      0x400
 .debug_ranges  0x0000000000000000       0x40 ./Core/Src/main.o
 .debug_ranges  0x0000000000000040       0x10 ./Core/Src/stm32f7xx_hal_msp.o
 .debug_ranges  0x0000000000000050       0x50 ./Core/Src/stm32f7xx_it.o
 .debug_ranges  0x00000000000000a0       0x18 ./Core/Src/system_stm32f7xx.o
 .debug_ranges  0x00000000000000b8       0x20 ./Core/Startup/startup_stm32f723iekx.o
 .debug_ranges  0x00000000000000d8       0xf0 ./Drivers/STM32F7xx_HAL_Driver/Src/stm32f7xx_hal.o
 .debug_ranges  0x00000000000001c8      0x108 ./Drivers/STM32F7xx_HAL_Driver/Src/stm32f7xx_hal_cortex.o
 .debug_ranges  0x00000000000002d0       0x48 ./Drivers/STM32F7xx_HAL_Driver/Src/stm32f7xx_hal_gpio.o
 .debug_ranges  0x0000000000000318       0x70 ./Drivers/STM32F7xx_HAL_Driver/Src/stm32f7xx_hal_pwr_ex.o
 .debug_ranges  0x0000000000000388       0x78 ./Drivers/STM32F7xx_HAL_Driver/Src/stm32f7xx_hal_rcc.o

.debug_macro    0x0000000000000000    0x227f6
 .debug_macro   0x0000000000000000      0x390 ./Core/Src/main.o
 .debug_macro   0x0000000000000390      0xa78 ./Core/Src/main.o
 .debug_macro   0x0000000000000e08      0x293 ./Core/Src/main.o
 .debug_macro   0x000000000000109b       0x2e ./Core/Src/main.o
 .debug_macro   0x00000000000010c9       0x3b ./Core/Src/main.o
 .debug_macro   0x0000000000001104       0x22 ./Core/Src/main.o
 .debug_macro   0x0000000000001126       0x8e ./Core/Src/main.o
 .debug_macro   0x00000000000011b4       0x51 ./Core/Src/main.o
 .debug_macro   0x0000000000001205      0x103 ./Core/Src/main.o
 .debug_macro   0x0000000000001308       0x6a ./Core/Src/main.o
 .debug_macro   0x0000000000001372      0x1df ./Core/Src/main.o
 .debug_macro   0x0000000000001551       0x1c ./Core/Src/main.o
 .debug_macro   0x000000000000156d       0x22 ./Core/Src/main.o
 .debug_macro   0x000000000000158f       0xd9 ./Core/Src/main.o
 .debug_macro   0x0000000000001668     0x12cd ./Core/Src/main.o
 .debug_macro   0x0000000000002935      0x11f ./Core/Src/main.o
 .debug_macro   0x0000000000002a54       0x19 ./Core/Src/main.o
 .debug_macro   0x0000000000002a6d    0x15e66 ./Core/Src/main.o
 .debug_macro   0x00000000000188d3       0x6d ./Core/Src/main.o
 .debug_macro   0x0000000000018940     0x3749 ./Core/Src/main.o
 .debug_macro   0x000000000001c089      0x174 ./Core/Src/main.o
 .debug_macro   0x000000000001c1fd       0x63 ./Core/Src/main.o
 .debug_macro   0x000000000001c260     0x15b2 ./Core/Src/main.o
 .debug_macro   0x000000000001d812      0x6c4 ./Core/Src/main.o
 .debug_macro   0x000000000001ded6      0x17e ./Core/Src/main.o
 .debug_macro   0x000000000001e054      0x115 ./Core/Src/main.o
 .debug_macro   0x000000000001e169      0x1d8 ./Core/Src/main.o
 .debug_macro   0x000000000001e341       0xa5 ./Core/Src/main.o
 .debug_macro   0x000000000001e3e6      0x24f ./Core/Src/main.o
 .debug_macro   0x000000000001e635       0x71 ./Core/Src/main.o
 .debug_macro   0x000000000001e6a6       0x58 ./Core/Src/main.o
 .debug_macro   0x000000000001e6fe      0x236 ./Core/Src/main.o
 .debug_macro   0x000000000001e934      0x154 ./Core/Src/main.o
 .debug_macro   0x000000000001ea88      0x2c3 ./Core/Src/main.o
 .debug_macro   0x000000000001ed4b       0x12 ./Core/Src/main.o
 .debug_macro   0x000000000001ed5d      0x504 ./Core/Src/main.o
 .debug_macro   0x000000000001f261      0x22c ./Core/Src/main.o
 .debug_macro   0x000000000001f48d       0x61 ./Core/Src/main.o
 .debug_macro   0x000000000001f4ee       0xa5 ./Core/Src/main.o
 .debug_macro   0x000000000001f593      0x12e ./Core/Src/main.o
 .debug_macro   0x000000000001f6c1      0x108 ./Core/Src/main.o
 .debug_macro   0x000000000001f7c9       0x35 ./Core/Src/main.o
 .debug_macro   0x000000000001f7fe      0x56d ./Core/Src/main.o
 .debug_macro   0x000000000001fd6b       0x44 ./Core/Src/main.o
 .debug_macro   0x000000000001fdaf      0x14d ./Core/Src/main.o
 .debug_macro   0x000000000001fefc      0x2e3 ./Core/Src/main.o
 .debug_macro   0x00000000000201df       0x52 ./Core/Src/main.o
 .debug_macro   0x0000000000020231       0x1e ./Core/Src/main.o
 .debug_macro   0x000000000002024f       0x3c ./Core/Src/main.o
 .debug_macro   0x000000000002028b       0x34 ./Core/Src/main.o
 .debug_macro   0x00000000000202bf       0x16 ./Core/Src/main.o
 .debug_macro   0x00000000000202d5       0x35 ./Core/Src/main.o
 .debug_macro   0x000000000002030a      0x341 ./Core/Src/main.o
 .debug_macro   0x000000000002064b       0x10 ./Core/Src/main.o
 .debug_macro   0x000000000002065b       0x16 ./Core/Src/main.o
 .debug_macro   0x0000000000020671       0x43 ./Core/Src/main.o
 .debug_macro   0x00000000000206b4       0x34 ./Core/Src/main.o
 .debug_macro   0x00000000000206e8       0x10 ./Core/Src/main.o
 .debug_macro   0x00000000000206f8       0x58 ./Core/Src/main.o
 .debug_macro   0x0000000000020750       0x71 ./Core/Src/main.o
 .debug_macro   0x00000000000207c1       0x1c ./Core/Src/main.o
 .debug_macro   0x00000000000207dd      0x12a ./Core/Src/main.o
 .debug_macro   0x0000000000020907       0x10 ./Core/Src/main.o
 .debug_macro   0x0000000000020917       0x1c ./Core/Src/main.o
 .debug_macro   0x0000000000020933       0x52 ./Core/Src/main.o
 .debug_macro   0x0000000000020985       0x22 ./Core/Src/main.o
 .debug_macro   0x00000000000209a7       0x10 ./Core/Src/main.o
 .debug_macro   0x00000000000209b7       0x52 ./Core/Src/main.o
 .debug_macro   0x0000000000020a09       0xd5 ./Core/Src/main.o
 .debug_macro   0x0000000000020ade       0x1c ./Core/Src/main.o
 .debug_macro   0x0000000000020afa       0x3d ./Core/Src/main.o
 .debug_macro   0x0000000000020b37       0x16 ./Core/Src/main.o
 .debug_macro   0x0000000000020b4d      0x145 ./Core/Src/main.o
 .debug_macro   0x0000000000020c92       0xd6 ./Core/Src/main.o
 .debug_macro   0x0000000000020d68       0x10 ./Core/Src/main.o
 .debug_macro   0x0000000000020d78      0x111 ./Core/Src/main.o
 .debug_macro   0x0000000000020e89      0x66d ./Core/Src/main.o
 .debug_macro   0x00000000000214f6      0x390 ./Core/Src/stm32f7xx_hal_msp.o
 .debug_macro   0x0000000000021886      0x39a ./Core/Src/stm32f7xx_it.o
 .debug_macro   0x0000000000021c20      0x1e8 ./Core/Src/system_stm32f7xx.o
 .debug_macro   0x0000000000021e08      0x20c ./Drivers/STM32F7xx_HAL_Driver/Src/stm32f7xx_hal.o
 .debug_macro   0x0000000000022014      0x1e8 ./Drivers/STM32F7xx_HAL_Driver/Src/stm32f7xx_hal_cortex.o
 .debug_macro   0x00000000000221fc      0x1ee ./Drivers/STM32F7xx_HAL_Driver/Src/stm32f7xx_hal_gpio.o
 .debug_macro   0x00000000000223ea      0x200 ./Drivers/STM32F7xx_HAL_Driver/Src/stm32f7xx_hal_pwr_ex.o
 .debug_macro   0x00000000000225ea      0x20c ./Drivers/STM32F7xx_HAL_Driver/Src/stm32f7xx_hal_rcc.o

.debug_line     0x0000000000000000     0x63ff
 .debug_line    0x0000000000000000      0xe95 ./Core/Src/main.o
 .debug_line    0x0000000000000e95      0x9c4 ./Core/Src/stm32f7xx_hal_msp.o
 .debug_line    0x0000000000001859      0xa87 ./Core/Src/stm32f7xx_it.o
 .debug_line    0x00000000000022e0      0x75f ./Core/Src/system_stm32f7xx.o
 .debug_line    0x0000000000002a3f       0x88 ./Core/Startup/startup_stm32f723iekx.o
 .debug_line    0x0000000000002ac7      0x9f0 ./Drivers/STM32F7xx_HAL_Driver/Src/stm32f7xx_hal.o
 .debug_line    0x00000000000034b7      0xc76 ./Drivers/STM32F7xx_HAL_Driver/Src/stm32f7xx_hal_cortex.o
 .debug_line    0x000000000000412d      0xb3c ./Drivers/STM32F7xx_HAL_Driver/Src/stm32f7xx_hal_gpio.o
 .debug_line    0x0000000000004c69      0x965 ./Drivers/STM32F7xx_HAL_Driver/Src/stm32f7xx_hal_pwr_ex.o
 .debug_line    0x00000000000055ce      0xe31 ./Drivers/STM32F7xx_HAL_Driver/Src/stm32f7xx_hal_rcc.o

.debug_str      0x0000000000000000    0xd81c8
 .debug_str     0x0000000000000000    0xd6f96 ./Core/Src/main.o
                                      0xd76d0 (size before relaxing)
 .debug_str     0x00000000000d6f96       0x2c ./Core/Src/stm32f7xx_hal_msp.o
                                      0xd71e6 (size before relaxing)
 .debug_str     0x00000000000d6fc2       0xc9 ./Core/Src/stm32f7xx_it.o
                                      0xd714f (size before relaxing)
 .debug_str     0x00000000000d708b       0x87 ./Core/Src/system_stm32f7xx.o
                                      0xcfc30 (size before relaxing)
 .debug_str     0x00000000000d7112       0x36 ./Core/Startup/startup_stm32f723iekx.o
                                         0x7e (size before relaxing)
 .debug_str     0x00000000000d7148      0x8b0 ./Drivers/STM32F7xx_HAL_Driver/Src/stm32f7xx_hal.o
                                      0xd0507 (size before relaxing)
 .debug_str     0x00000000000d79f8      0x28c ./Drivers/STM32F7xx_HAL_Driver/Src/stm32f7xx_hal_cortex.o
                                      0xd04f2 (size before relaxing)
 .debug_str     0x00000000000d7c84      0x11a ./Drivers/STM32F7xx_HAL_Driver/Src/stm32f7xx_hal_gpio.o
                                      0xcfcee (size before relaxing)
 .debug_str     0x00000000000d7d9e      0x1d1 ./Drivers/STM32F7xx_HAL_Driver/Src/stm32f7xx_hal_pwr_ex.o
                                      0xcfe9f (size before relaxing)
 .debug_str     0x00000000000d7f6f      0x259 ./Drivers/STM32F7xx_HAL_Driver/Src/stm32f7xx_hal_rcc.o
                                      0xcff99 (size before relaxing)

.comment        0x0000000000000000       0x50
 .comment       0x0000000000000000       0x50 ./Core/Src/main.o
                                         0x51 (size before relaxing)
 .comment       0x0000000000000050       0x51 ./Core/Src/stm32f7xx_hal_msp.o
 .comment       0x0000000000000050       0x51 ./Core/Src/stm32f7xx_it.o
 .comment       0x0000000000000050       0x51 ./Core/Src/system_stm32f7xx.o
 .comment       0x0000000000000050       0x51 ./Drivers/STM32F7xx_HAL_Driver/Src/stm32f7xx_hal.o
 .comment       0x0000000000000050       0x51 ./Drivers/STM32F7xx_HAL_Driver/Src/stm32f7xx_hal_cortex.o
 .comment       0x0000000000000050       0x51 ./Drivers/STM32F7xx_HAL_Driver/Src/stm32f7xx_hal_gpio.o
 .comment       0x0000000000000050       0x51 ./Drivers/STM32F7xx_HAL_Driver/Src/stm32f7xx_hal_pwr_ex.o
 .comment       0x0000000000000050       0x51 ./Drivers/STM32F7xx_HAL_Driver/Src/stm32f7xx_hal_rcc.o

.debug_frame    0x0000000000000000     0x1094
 .debug_frame   0x0000000000000000       0xfc ./Core/Src/main.o
 .debug_frame   0x00000000000000fc       0x38 ./Core/Src/stm32f7xx_hal_msp.o
 .debug_frame   0x0000000000000134      0x104 ./Core/Src/stm32f7xx_it.o
 .debug_frame   0x0000000000000238       0x58 ./Core/Src/system_stm32f7xx.o
 .debug_frame   0x0000000000000290      0x3b4 ./Drivers/STM32F7xx_HAL_Driver/Src/stm32f7xx_hal.o
 .debug_frame   0x0000000000000644      0x498 ./Drivers/STM32F7xx_HAL_Driver/Src/stm32f7xx_hal_cortex.o
 .debug_frame   0x0000000000000adc      0x14c ./Drivers/STM32F7xx_HAL_Driver/Src/stm32f7xx_hal_gpio.o
 .debug_frame   0x0000000000000c28      0x1c8 ./Drivers/STM32F7xx_HAL_Driver/Src/stm32f7xx_hal_pwr_ex.o
 .debug_frame   0x0000000000000df0      0x1f8 ./Drivers/STM32F7xx_HAL_Driver/Src/stm32f7xx_hal_rcc.o
 .debug_frame   0x0000000000000fe8       0x2c c:/st/stm32cubeide_1.6.1/stm32cubeide/plugins/com.st.stm32cube.ide.mcu.externaltools.gnu-tools-for-stm32.10.3-2021.10.win32_1.0.0.202111181127/tools/bin/../lib/gcc/arm-none-eabi/10.3.1/../../../../arm-none-eabi/lib/thumb/v7e-m+fp/hard\libc_nano.a(lib_a-init.o)
 .debug_frame   0x0000000000001014       0x20 c:/st/stm32cubeide_1.6.1/stm32cubeide/plugins/com.st.stm32cube.ide.mcu.externaltools.gnu-tools-for-stm32.10.3-2021.10.win32_1.0.0.202111181127/tools/bin/../lib/gcc/arm-none-eabi/10.3.1/../../../../arm-none-eabi/lib/thumb/v7e-m+fp/hard\libc_nano.a(lib_a-memset.o)
 .debug_frame   0x0000000000001034       0x2c c:/st/stm32cubeide_1.6.1/stm32cubeide/plugins/com.st.stm32cube.ide.mcu.externaltools.gnu-tools-for-stm32.10.3-2021.10.win32_1.0.0.202111181127/tools/bin/../lib/gcc/arm-none-eabi/10.3.1/thumb/v7e-m+fp/hard\libgcc.a(_aeabi_uldivmod.o)
 .debug_frame   0x0000000000001060       0x34 c:/st/stm32cubeide_1.6.1/stm32cubeide/plugins/com.st.stm32cube.ide.mcu.externaltools.gnu-tools-for-stm32.10.3-2021.10.win32_1.0.0.202111181127/tools/bin/../lib/gcc/arm-none-eabi/10.3.1/thumb/v7e-m+fp/hard\libgcc.a(_udivmoddi4.o)
