../Drivers/BSP/stm32f723e_discovery.c:173:10:BSP_GetVersion	4	static
../Drivers/BSP/stm32f723e_discovery.c:186:6:BSP_LED_Init	48	static
../Drivers/BSP/stm32f723e_discovery.c:211:6:BSP_LED_DeInit	40	static
../Drivers/BSP/stm32f723e_discovery.c:231:6:BSP_LED_On	16	static
../Drivers/BSP/stm32f723e_discovery.c:244:6:BSP_LED_Off	16	static
../Drivers/BSP/stm32f723e_discovery.c:257:6:BSP_LED_Toggle	16	static
../Drivers/BSP/stm32f723e_discovery.c:275:6:BSP_PB_Init	40	static
../Drivers/BSP/stm32f723e_discovery.c:318:6:BSP_PB_DeInit	40	static
../Drivers/BSP/stm32f723e_discovery.c:336:10:BSP_PB_GetState	16	static
../Drivers/BSP/stm32f723e_discovery.c:357:6:BSP_COM_Init	48	static
../Drivers/BSP/stm32f723e_discovery.c:397:6:BSP_COM_DeInit	16	static
../Drivers/BSP/stm32f723e_discovery.c:423:13:I2Cx_MspInit	72	static
../Drivers/BSP/stm32f723e_discovery.c:546:13:I2Cx_Init	16	static
../Drivers/BSP/stm32f723e_discovery.c:589:26:I2Cx_ReadMultiple	48	static
../Drivers/BSP/stm32f723e_discovery.c:615:26:I2Cx_WriteMultiple	48	static
../Drivers/BSP/stm32f723e_discovery.c:637:13:I2Cx_Error	16	static
../Drivers/BSP/stm32f723e_discovery.c:658:13:FMC_BANK2_MspInit	56	static
../Drivers/BSP/stm32f723e_discovery.c:715:13:FMC_BANK2_Init	112	static
../Drivers/BSP/stm32f723e_discovery.c:764:13:FMC_BANK2_WriteData	16	static,ignoring_inline_asm
../Drivers/BSP/stm32f723e_discovery.c:776:13:FMC_BANK2_WriteReg	16	static,ignoring_inline_asm
../Drivers/BSP/stm32f723e_discovery.c:787:17:FMC_BANK2_ReadData	4	static
../Drivers/BSP/stm32f723e_discovery.c:802:6:LCD_IO_Init	8	static
../Drivers/BSP/stm32f723e_discovery.c:812:6:LCD_IO_WriteData	16	static,ignoring_inline_asm
../Drivers/BSP/stm32f723e_discovery.c:825:6:LCD_IO_WriteMultipleData	24	static,ignoring_inline_asm
../Drivers/BSP/stm32f723e_discovery.c:841:6:LCD_IO_WriteReg	16	static,ignoring_inline_asm
../Drivers/BSP/stm32f723e_discovery.c:852:10:LCD_IO_ReadData	8	static
../Drivers/BSP/stm32f723e_discovery.c:862:6:LCD_IO_Delay	16	static
../Drivers/BSP/stm32f723e_discovery.c:872:6:AUDIO_IO_Init	8	static
../Drivers/BSP/stm32f723e_discovery.c:880:6:AUDIO_IO_DeInit	4	static
../Drivers/BSP/stm32f723e_discovery.c:892:6:AUDIO_IO_Write	32	static
../Drivers/BSP/stm32f723e_discovery.c:909:10:AUDIO_IO_Read	32	static
../Drivers/BSP/stm32f723e_discovery.c:928:6:AUDIO_IO_Delay	16	static
../Drivers/BSP/stm32f723e_discovery.c:939:6:TS_IO_Init	32	static
../Drivers/BSP/stm32f723e_discovery.c:962:6:TS_IO_Write	24	static
../Drivers/BSP/stm32f723e_discovery.c:973:9:TS_IO_Read	32	static
../Drivers/BSP/stm32f723e_discovery.c:991:10:TS_IO_ReadMultiple	24	static
../Drivers/BSP/stm32f723e_discovery.c:1005:6:TS_IO_WriteMultiple	24	static
../Drivers/BSP/stm32f723e_discovery.c:1015:6:TS_IO_Delay	16	static
