../Drivers/BSP/stm32f723e_discovery_lcd.c:132:9:BSP_LCD_Init	8	static
../Drivers/BSP/stm32f723e_discovery_lcd.c:141:9:BSP_LCD_InitEx	24	static
../Drivers/BSP/stm32f723e_discovery_lcd.c:198:9:BSP_LCD_DeInit	4	static
../Drivers/BSP/stm32f723e_discovery_lcd.c:208:10:BSP_LCD_GetXSize	8	static
../Drivers/BSP/stm32f723e_discovery_lcd.c:217:10:BSP_LCD_GetYSize	8	static
../Drivers/BSP/stm32f723e_discovery_lcd.c:226:10:BSP_LCD_GetTextColor	4	static
../Drivers/BSP/stm32f723e_discovery_lcd.c:235:10:BSP_LCD_GetBackColor	4	static
../Drivers/BSP/stm32f723e_discovery_lcd.c:245:6:BSP_LCD_SetTextColor	16	static
../Drivers/BSP/stm32f723e_discovery_lcd.c:255:6:BSP_LCD_SetBackColor	16	static
../Drivers/BSP/stm32f723e_discovery_lcd.c:265:6:BSP_LCD_SetFont	16	static
../Drivers/BSP/stm32f723e_discovery_lcd.c:274:8:BSP_LCD_GetFont	4	static
../Drivers/BSP/stm32f723e_discovery_lcd.c:284:6:BSP_LCD_Clear	40	static
../Drivers/BSP/stm32f723e_discovery_lcd.c:310:6:BSP_LCD_ClearStringLine	32	static
../Drivers/BSP/stm32f723e_discovery_lcd.c:331:6:BSP_LCD_DisplayChar	16	static
../Drivers/BSP/stm32f723e_discovery_lcd.c:349:6:BSP_LCD_DisplayStringAt	48	static
../Drivers/BSP/stm32f723e_discovery_lcd.c:414:6:BSP_LCD_DisplayStringAtLine	16	static
../Drivers/BSP/stm32f723e_discovery_lcd.c:425:10:BSP_LCD_ReadPixel	24	static
../Drivers/BSP/stm32f723e_discovery_lcd.c:444:6:BSP_LCD_DrawPixel	16	static
../Drivers/BSP/stm32f723e_discovery_lcd.c:459:6:BSP_LCD_DrawHLine	32	static
../Drivers/BSP/stm32f723e_discovery_lcd.c:483:6:BSP_LCD_DrawVLine	32	static
../Drivers/BSP/stm32f723e_discovery_lcd.c:508:6:BSP_LCD_DrawLine	56	static
../Drivers/BSP/stm32f723e_discovery_lcd.c:583:6:BSP_LCD_DrawRect	24	static
../Drivers/BSP/stm32f723e_discovery_lcd.c:601:6:BSP_LCD_DrawCircle	32	static
../Drivers/BSP/stm32f723e_discovery_lcd.c:651:6:BSP_LCD_DrawPolygon	32	static
../Drivers/BSP/stm32f723e_discovery_lcd.c:679:6:BSP_LCD_DrawEllipse	56	static
../Drivers/BSP/stm32f723e_discovery_lcd.c:712:6:BSP_LCD_DrawBitmap	32	static
../Drivers/BSP/stm32f723e_discovery_lcd.c:741:6:BSP_LCD_DrawRGBImage	32	static
../Drivers/BSP/stm32f723e_discovery_lcd.c:761:6:BSP_LCD_FillRect	24	static
../Drivers/BSP/stm32f723e_discovery_lcd.c:778:6:BSP_LCD_FillCircle	32	static
../Drivers/BSP/stm32f723e_discovery_lcd.c:826:6:BSP_LCD_FillPolygon	64	static
../Drivers/BSP/stm32f723e_discovery_lcd.c:894:6:BSP_LCD_FillEllipse	56	static
../Drivers/BSP/stm32f723e_discovery_lcd.c:924:6:BSP_LCD_DisplayOn	8	static
../Drivers/BSP/stm32f723e_discovery_lcd.c:933:6:BSP_LCD_DisplayOff	8	static
../Drivers/BSP/stm32f723e_discovery_lcd.c:943:13:BSP_LCD_MspInit	40	static
../Drivers/BSP/stm32f723e_discovery_lcd.c:976:13:BSP_LCD_MspDeInit	32	static
../Drivers/BSP/stm32f723e_discovery_lcd.c:1007:13:DrawChar	40	static
../Drivers/BSP/stm32f723e_discovery_lcd.c:1063:13:SetDisplayWindow	24	static
../Drivers/BSP/stm32f723e_discovery_lcd.c:1081:13:FillTriangle	56	static
